
user1@DESKTOP-K4RHN2J MINGW64 ~/Desktop/studies/26_05/secret-mission-log
$ pwd
/c/Users/user1/Desktop/studies/26_05/secret-mission-log

user1@DESKTOP-K4RHN2J MINGW64 ~/Desktop/studies/26_05/secret-mission-log
$ git init
Initialized empty Git repository in C:/Users/user1/Desktop/studies/26_05/secret-mission-log/.git/

user1@DESKTOP-K4RHN2J MINGW64 ~/Desktop/studies/26_05/secret-mission-log (master)
$ git status
On branch master

No commits yet

nothing to commit (create/copy files and use "git add" to track)

user1@DESKTOP-K4RHN2J MINGW64 ~/Desktop/studies/26_05/secret-mission-log (master)
$ cat <<EPF >mission.txt
> mission name: operation quiet room
> status: started
> leader: unknown
> EPF

user1@DESKTOP-K4RHN2J MINGW64 ~/Desktop/studies/26_05/secret-mission-log (master)
$ git status
On branch master

No commits yet

Untracked files:
  (use "git add <file>..." to include in what will be committed)
        mission.txt

nothing added to commit but untracked files present (use "git add" to track)

user1@DESKTOP-K4RHN2J MINGW64 ~/Desktop/studies/26_05/secret-mission-log (master)
$ git add mission.txt 
warning: in the working copy of 'mission.txt', LF will be replaced by CRLF the next time Git touches it

user1@DESKTOP-K4RHN2J MINGW64 ~/Desktop/studies/26_05/secret-mission-log (master)
$ git status
On branch master

No commits yet

Changes to be committed:
  (use "git rm --cached <file>..." to unstage)
        new file:   mission.txt


user1@DESKTOP-K4RHN2J MINGW64 ~/Desktop/studies/26_05/secret-mission-log (master)
$ git commit -m 'creat first mission file'
[master (root-commit) 74db102] creat first mission file
 1 file changed, 3 insertions(+)
 create mode 100644 mission.txt

user1@DESKTOP-K4RHN2J MINGW64 ~/Desktop/studies/26_05/secret-mission-log (master)
$ git status
On branch master
nothing to commit, working tree clean

user1@DESKTOP-K4RHN2J MINGW64 ~/Desktop/studies/26_05/secret-mission-log (master)
$ git log
commit 74db102d27bb4b7791371a985da019f35efb8d3c (HEAD -> master)
Author: shlomoshoov <shloshoov@gmail.com>
Date:   Fri May 15 10:51:37 2026 +0300

    creat first mission file

user1@DESKTOP-K4RHN2J MINGW64 ~/Desktop/studies/26_05/secret-mission-log (master)
$ git log --online
fatal: unrecognized argument: --online

user1@DESKTOP-K4RHN2J MINGW64 ~/Desktop/studies/26_05/secret-mission-log (master)
$ git log --oneline
74db102 (HEAD -> master) creat first mission file

user1@DESKTOP-K4RHN2J MINGW64 ~/Desktop/studies/26_05/secret-mission-log (master)
$ git status
On branch master
Changes not staged for commit:
  (use "git add <file>..." to update what will be committed)
  (use "git restore <file>..." to discard changes in working directory)
        modified:   mission.txt

no changes added to commit (use "git add" and/or "git commit -a")

user1@DESKTOP-K4RHN2J MINGW64 ~/Desktop/studies/26_05/secret-mission-log (master)
$ git add mission.txt 
warning: in the working copy of 'mission.txt', LF will be replaced by CRLF the next time Git touches it

user1@DESKTOP-K4RHN2J MINGW64 ~/Desktop/studies/26_05/secret-mission-log (master)
$ git commit -m 'update mission status and leader
> '
[master e252f9d] update mission status and leader
 1 file changed, 2 insertions(+), 1 deletion(-)

user1@DESKTOP-K4RHN2J MINGW64 ~/Desktop/studies/26_05/secret-mission-log (master)
$ git log --oneline
e252f9d (HEAD -> master) update mission status and leader
74db102 creat first mission file